2026-10-02 00:00:30,534 - INFO - 
============================================================
2026-10-02 00:00:30,534 - INFO - ATTEMPT 1/5
2026-10-02 00:00:30,534 - INFO - ============================================================

2026-10-02 00:00:32,042 - INFO - Attempting login at https://example.com/login
2026-10-02 00:00:32,888 - ERROR - Could not detect login fields
2026-10-02 00:00:32,913 - INFO - [1] State=login Action=scroll Confidence=0.40
2026-10-02 00:00:33,461 - INFO - [2] State=login Action=scroll Confidence=0.40
2026-10-02 00:00:34,004 - INFO - [3] State=login Action=scroll Confidence=0.40
2026-10-02 00:00:34,584 - INFO - [4] State=login Action=scroll Confidence=0.40
2026-10-02 00:00:35,122 - INFO - [5] State=login Action=scroll Confidence=0.40
2026-10-02 00:00:35,665 - INFO - [6] State=login Action=scroll Confidence=0.40
2026-10-02 00:00:36,251 - INFO - [7] State=login Action=scroll Confidence=0.40
2026-10-02 00:00:36,795 - INFO - [8] State=login Action=scroll Confidence=0.40
2026-10-02 00:00:37,386 - INFO - [9] State=login Action=scroll Confidence=0.40
2026-10-02 00:00:37,976 - INFO - [10] State=login Action=scroll Confidence=0.40
2026-10-02 00:00:38,586 - INFO - [11] State=login Action=scroll Confidence=0.40
2026-10-02 00:00:39,140 - INFO - [12] State=login Action=scroll Confidence=0.40
2026-10-02 00:00:39,732 - INFO - [13] State=login Action=scroll Confidence=0.40
2026-10-02 00:00:40,280 - INFO - [14] State=login Action=scroll Confidence=0.40
2026-10-02 00:00:40,865 - INFO - [15] State=login Action=scroll Confidence=0.40
2026-10-02 00:00:41,432 - INFO - [16] State=login Action=scroll Confidence=0.40
2026-10-02 00:00:42,035 - INFO - [17] State=login Action=scroll Confidence=0.40
2026-10-02 00:00:42,619 - INFO - [18] State=login Action=scroll Confidence=0.40
2026-10-02 00:00:43,199 - INFO - [19] State=login Action=scroll Confidence=0.40
2026-10-02 00:00:43,783 - INFO - [20] State=login Action=scroll Confidence=0.40
2026-10-02 00:00:44,344 - INFO - Rolling accuracy: 0.00%
2026-10-02 00:00:44,344 - WARNING - Accuracy dropped significantly, restarting loop
2026-10-02 00:00:44,344 - INFO - Model saved to action_model.pkl
2026-10-02 00:00:44,969 - INFO - [21] State=unknown Action=scroll Confidence=0.40
2026-10-02 00:00:45,594 - INFO - [22] State=unknown Action=scroll Confidence=0.40
2026-10-02 00:00:46,218 - INFO - [23] State=unknown Action=scroll Confidence=0.40
2026-10-02 00:00:46,827 - INFO - [24] State=unknown Action=scroll Confidence=0.40
2026-10-02 00:00:47,414 - INFO - [25] State=login Action=scroll Confidence=0.40
2026-10-02 00:00:47,997 - INFO - [26] State=login Action=scroll Confidence=0.40
2026-10-02 00:00:48,580 - INFO - [27] State=login Action=scroll Confidence=0.40
2026-10-02 00:00:49,211 - INFO - [28] State=unknown Action=scroll Confidence=0.40
2026-10-02 00:00:49,844 - INFO - [29] State=unknown Action=scroll Confidence=0.40
2026-10-02 00:00:50,349 - ERROR - Loop error: Page.content: Target page, context or browser has been closed
2026-10-02 00:00:50,350 - INFO - Capture saved to network_capture.json
2026-10-02 00:00:50,350 - INFO - Model saved to action_model.pkl
2026-10-02 00:00:50,351 - WARNING - ✗ Attempt 1 reached only 0.00%, retrying...
2026-10-02 00:00:52,352 - INFO - 
============================================================
2026-10-02 00:00:52,352 - INFO - ATTEMPT 2/5
2026-10-02 00:00:52,352 - INFO - ============================================================

2026-10-02 00:00:53,145 - INFO - Attempting login at https://example.com/login
2026-10-02 00:00:53,816 - ERROR - Could not detect login fields
2026-10-02 00:00:53,835 - INFO - [1] State=login Action=scroll Confidence=0.40
2026-10-02 00:00:54,427 - INFO - [2] State=login Action=scroll Confidence=0.40
2026-10-02 00:00:54,932 - ERROR - Loop error: Page.content: Target page, context or browser has been closed
2026-10-02 00:00:54,935 - INFO - Capture saved to network_capture.json
2026-10-02 00:00:54,935 - INFO - Model saved to action_model.pkl
2026-10-02 00:00:54,938 - WARNING - ✗ Attempt 2 reached only 0.00%, retrying...
2026-10-02 00:00:56,941 - INFO - 
============================================================
2026-10-02 00:00:56,941 - INFO - ATTEMPT 3/5
2026-10-02 00:00:56,941 - INFO - ============================================================

2026-10-02 00:00:57,944 - INFO - Attempting login at https://example.com/login
2026-10-02 00:00:58,701 - ERROR - Could not detect login fields
2026-10-02 00:00:58,720 - INFO - [1] State=login Action=scroll Confidence=0.40
2026-10-02 00:00:59,265 - INFO - [2] State=login Action=scroll Confidence=0.40
2026-10-02 00:00:59,800 - INFO - [3] State=login Action=scroll Confidence=0.40
2026-10-02 00:01:00,349 - INFO - [4] State=login Action=scroll Confidence=0.40
2026-10-02 00:01:00,904 - INFO - [5] State=login Action=scroll Confidence=0.40
2026-10-02 00:01:01,449 - INFO - [6] State=login Action=scroll Confidence=0.40
2026-10-02 00:01:02,003 - INFO - [7] State=login Action=scroll Confidence=0.40
2026-10-02 00:01:02,560 - INFO - [8] State=login Action=scroll Confidence=0.40
2026-10-02 00:01:03,112 - INFO - [9] State=login Action=scroll Confidence=0.40
2026-10-02 00:01:03,680 - INFO - [10] State=login Action=scroll Confidence=0.40
2026-10-02 00:01:04,291 - INFO - [11] State=login Action=scroll Confidence=0.40
2026-10-02 00:01:04,852 - INFO - [12] State=login Action=scroll Confidence=0.40
2026-10-02 00:01:05,398 - INFO - [13] State=login Action=scroll Confidence=0.40
2026-10-02 00:01:05,949 - INFO - [14] State=login Action=scroll Confidence=0.40
2026-10-02 00:01:06,497 - INFO - [15] State=login Action=scroll Confidence=0.40
2026-10-02 00:01:07,048 - INFO - [16] State=login Action=scroll Confidence=0.40
2026-10-02 00:01:07,650 - INFO - [17] State=login Action=scroll Confidence=0.40
2026-10-02 00:01:08,199 - INFO - [18] State=login Action=scroll Confidence=0.40
2026-10-02 00:01:08,788 - INFO - [19] State=login Action=scroll Confidence=0.40
2026-10-02 00:01:09,376 - INFO - [20] State=login Action=scroll Confidence=0.40
2026-10-02 00:01:09,905 - INFO - Rolling accuracy: 0.00%
2026-10-02 00:01:09,905 - WARNING - Accuracy dropped significantly, restarting loop
2026-10-02 00:01:09,905 - INFO - Model saved to action_model.pkl
2026-10-02 00:01:10,501 - INFO - [21] State=unknown Action=scroll Confidence=0.40
2026-10-02 00:01:11,112 - INFO - [22] State=unknown Action=scroll Confidence=0.40
2026-10-02 00:01:11,698 - INFO - [23] State=unknown Action=scroll Confidence=0.40
2026-10-02 00:01:12,292 - INFO - [24] State=unknown Action=scroll Confidence=0.40
2026-10-02 00:01:12,872 - INFO - [25] State=unknown Action=scroll Confidence=0.40
2026-10-02 00:01:13,460 - INFO - [26] State=unknown Action=scroll Confidence=0.40
2026-10-02 00:01:14,047 - INFO - [27] State=unknown Action=scroll Confidence=0.40
2026-10-02 00:01:14,636 - INFO - [28] State=unknown Action=scroll Confidence=0.40
2026-10-02 00:01:15,230 - INFO - [29] State=unknown Action=scroll Confidence=0.40
2026-10-02 00:01:15,906 - ERROR - Loop error: Page.content: Unable to retrieve content because the page is navigating and changing the content.
2026-10-02 00:01:15,910 - INFO - Capture saved to network_capture.json
2026-10-02 00:01:15,911 - INFO - Model saved to action_model.pkl
2026-10-02 00:01:15,947 - WARNING - ✗ Attempt 3 reached only 0.00%, retrying...
2026-10-02 00:01:17,947 - INFO - 
============================================================
2026-10-02 00:01:17,948 - INFO - ATTEMPT 4/5
2026-10-02 00:01:17,948 - INFO - ============================================================

2026-10-02 00:01:18,738 - INFO - Attempting login at https://example.com/login
2026-10-02 00:01:19,438 - ERROR - Could not detect login fields
2026-10-02 00:01:19,458 - INFO - [1] State=login Action=scroll Confidence=0.40
2026-10-02 00:01:20,009 - INFO - [2] State=login Action=scroll Confidence=0.40
2026-10-02 00:01:20,514 - ERROR - Loop error: Page.content: Target page, context or browser has been closed
2026-10-02 00:01:20,516 - INFO - Capture saved to network_capture.json
2026-10-02 00:01:20,517 - INFO - Model saved to action_model.pkl
2026-10-02 00:01:20,520 - WARNING - ✗ Attempt 4 reached only 0.00%, retrying...
2026-10-02 00:01:22,523 - INFO - 
============================================================
2026-10-02 00:01:22,523 - INFO - ATTEMPT 5/5
2026-10-02 00:01:22,523 - INFO - ============================================================

2026-10-02 00:01:23,521 - INFO - Attempting login at https://example.com/login
2026-10-02 00:01:24,290 - ERROR - Could not detect login fields
2026-10-02 00:01:24,312 - INFO - [1] State=login Action=scroll Confidence=0.40
2026-10-02 00:01:24,891 - INFO - [2] State=login Action=scroll Confidence=0.40
2026-10-02 00:01:25,436 - INFO - [3] State=login Action=scroll Confidence=0.40
2026-10-02 00:01:25,980 - INFO - [4] State=login Action=scroll Confidence=0.40
2026-10-02 00:01:26,522 - INFO - [5] State=login Action=scroll Confidence=0.40
2026-10-02 00:01:27,068 - INFO - [6] State=login Action=scroll Confidence=0.40
2026-10-02 00:01:27,611 - INFO - [7] State=login Action=scroll Confidence=0.40
2026-10-02 00:01:28,183 - INFO - [8] State=login Action=scroll Confidence=0.40
2026-10-02 00:01:28,348 - INFO - Capture saved to network_capture.json
2026-10-02 00:01:28,349 - INFO - Model saved to action_model.pkl
2026-10-02 11:36:04,406 - INFO - Model loaded from action_model.pkl
2026-10-02 11:36:05,930 - INFO - 
============================================================
2026-10-02 11:36:05,930 - INFO - ATTEMPT 1/5
2026-10-02 11:36:05,930 - INFO - ============================================================

2026-10-02 11:36:09,788 - INFO - Attempting login at https://hustle.iha.co.ke/login
2026-10-02 11:36:11,001 - ERROR - Could not detect login fields
2026-10-02 11:36:11,009 - INFO - [1] State=login Action=wait Confidence=0.50
2026-10-02 11:36:13,532 - INFO - [2] State=login Action=wait Confidence=0.50
2026-10-02 11:36:16,055 - INFO - [3] State=login Action=wait Confidence=0.50
2026-10-02 11:36:18,571 - INFO - [4] State=login Action=wait Confidence=0.50
2026-10-02 11:36:21,094 - INFO - [5] State=login Action=wait Confidence=0.50
2026-10-02 11:36:23,605 - INFO - [6] State=login Action=wait Confidence=0.50
2026-10-02 11:36:26,128 - INFO - [7] State=login Action=wait Confidence=0.50
2026-10-02 11:36:28,650 - INFO - [8] State=login Action=wait Confidence=0.50
2026-10-02 11:36:31,172 - INFO - [9] State=login Action=wait Confidence=0.50
2026-10-02 11:36:33,696 - INFO - [10] State=login Action=wait Confidence=0.50
2026-10-02 11:36:36,203 - INFO - [11] State=login Action=wait Confidence=0.50
2026-10-02 11:36:38,299 - INFO - Capture saved to network_capture.json
2026-10-02 11:36:38,299 - INFO - Model saved to action_model.pkl
